bp0000332896-20130520-OSIRIS-OsirisLongSlitSpectroscopy_noflatfield.fits
bp0000332897-20130520-OSIRIS-OsirisLongSlitSpectroscopy_noflatfield.fits
bp0000332898-20130520-OSIRIS-OsirisLongSlitSpectroscopy_noflatfield.fits
bp0000332899-20130520-OSIRIS-OsirisLongSlitSpectroscopy_noflatfield.fits
bp0000332900-20130520-OSIRIS-OsirisLongSlitSpectroscopy_noflatfield.fits
bp0000332901-20130520-OSIRIS-OsirisLongSlitSpectroscopy_noflatfield.fits
bp0000332902-20130520-OSIRIS-OsirisLongSlitSpectroscopy_noflatfield.fits
bp0000332903-20130520-OSIRIS-OsirisLongSlitSpectroscopy_noflatfield.fits
bp0000332904-20130520-OSIRIS-OsirisLongSlitSpectroscopy_noflatfield.fits
bp0000332905-20130520-OSIRIS-OsirisLongSlitSpectroscopy_noflatfield.fits
bp0000332906-20130520-OSIRIS-OsirisLongSlitSpectroscopy_noflatfield.fits
bp0000332907-20130520-OSIRIS-OsirisLongSlitSpectroscopy_noflatfield.fits
bp0000332908-20130520-OSIRIS-OsirisLongSlitSpectroscopy_noflatfield.fits
bp0000332909-20130520-OSIRIS-OsirisLongSlitSpectroscopy_noflatfield.fits
bp0000332910-20130520-OSIRIS-OsirisLongSlitSpectroscopy_noflatfield.fits
bp0000332911-20130520-OSIRIS-OsirisLongSlitSpectroscopy_noflatfield.fits
bp0000332912-20130520-OSIRIS-OsirisLongSlitSpectroscopy_noflatfield.fits
bp0000332913-20130520-OSIRIS-OsirisLongSlitSpectroscopy_noflatfield.fits
bp0000332914-20130520-OSIRIS-OsirisLongSlitSpectroscopy_noflatfield.fits
bp0000332915-20130520-OSIRIS-OsirisLongSlitSpectroscopy_noflatfield.fits
bp0000332916-20130520-OSIRIS-OsirisLongSlitSpectroscopy_noflatfield.fits
bp0000332917-20130520-OSIRIS-OsirisLongSlitSpectroscopy_noflatfield.fits
bp0000332918-20130520-OSIRIS-OsirisLongSlitSpectroscopy_noflatfield.fits
bp0000332919-20130520-OSIRIS-OsirisLongSlitSpectroscopy_noflatfield.fits
bp0000332920-20130520-OSIRIS-OsirisLongSlitSpectroscopy_noflatfield.fits
bp0000332921-20130520-OSIRIS-OsirisLongSlitSpectroscopy_noflatfield.fits
bp0000332922-20130520-OSIRIS-OsirisLongSlitSpectroscopy_noflatfield.fits
bp0000332923-20130520-OSIRIS-OsirisLongSlitSpectroscopy_noflatfield.fits
bp0000332924-20130520-OSIRIS-OsirisLongSlitSpectroscopy_noflatfield.fits
bp0000332925-20130520-OSIRIS-OsirisLongSlitSpectroscopy_noflatfield.fits
bp0000332926-20130520-OSIRIS-OsirisLongSlitSpectroscopy_noflatfield.fits
bp0000332927-20130520-OSIRIS-OsirisLongSlitSpectroscopy_noflatfield.fits
bp0000332928-20130520-OSIRIS-OsirisLongSlitSpectroscopy_noflatfield.fits
bp0000332929-20130520-OSIRIS-OsirisLongSlitSpectroscopy_noflatfield.fits
bp0000332930-20130520-OSIRIS-OsirisLongSlitSpectroscopy_noflatfield.fits
bp0000332931-20130520-OSIRIS-OsirisLongSlitSpectroscopy_noflatfield.fits
bp0000332932-20130520-OSIRIS-OsirisLongSlitSpectroscopy_noflatfield.fits
bp0000332933-20130520-OSIRIS-OsirisLongSlitSpectroscopy_noflatfield.fits
bp0000332934-20130520-OSIRIS-OsirisLongSlitSpectroscopy_noflatfield.fits
bp0000332935-20130520-OSIRIS-OsirisLongSlitSpectroscopy_noflatfield.fits
bp0000332936-20130520-OSIRIS-OsirisLongSlitSpectroscopy_noflatfield.fits
bp0000332937-20130520-OSIRIS-OsirisLongSlitSpectroscopy_noflatfield.fits
bp0000332938-20130520-OSIRIS-OsirisLongSlitSpectroscopy_noflatfield.fits
bp0000332939-20130520-OSIRIS-OsirisLongSlitSpectroscopy_noflatfield.fits
bp0000332940-20130520-OSIRIS-OsirisLongSlitSpectroscopy_noflatfield.fits
bp0000332941-20130520-OSIRIS-OsirisLongSlitSpectroscopy_noflatfield.fits
bp0000332942-20130520-OSIRIS-OsirisLongSlitSpectroscopy_noflatfield.fits
bp0000332943-20130520-OSIRIS-OsirisLongSlitSpectroscopy_noflatfield.fits
bp0000332944-20130520-OSIRIS-OsirisLongSlitSpectroscopy_noflatfield.fits
bp0000332945-20130520-OSIRIS-OsirisLongSlitSpectroscopy_noflatfield.fits
bp0000332946-20130520-OSIRIS-OsirisLongSlitSpectroscopy_noflatfield.fits
bp0000332947-20130520-OSIRIS-OsirisLongSlitSpectroscopy_noflatfield.fits
bp0000332948-20130520-OSIRIS-OsirisLongSlitSpectroscopy_noflatfield.fits
bp0000332949-20130520-OSIRIS-OsirisLongSlitSpectroscopy_noflatfield.fits
bp0000332950-20130520-OSIRIS-OsirisLongSlitSpectroscopy_noflatfield.fits
bp0000332951-20130520-OSIRIS-OsirisLongSlitSpectroscopy_noflatfield.fits
bp0000332952-20130520-OSIRIS-OsirisLongSlitSpectroscopy_noflatfield.fits
bp0000332953-20130520-OSIRIS-OsirisLongSlitSpectroscopy_noflatfield.fits
bp0000332954-20130520-OSIRIS-OsirisLongSlitSpectroscopy_noflatfield.fits
bp0000332955-20130520-OSIRIS-OsirisLongSlitSpectroscopy_noflatfield.fits
bp0000332956-20130520-OSIRIS-OsirisLongSlitSpectroscopy_noflatfield.fits
bp0000332957-20130520-OSIRIS-OsirisLongSlitSpectroscopy_noflatfield.fits
bp0000332958-20130520-OSIRIS-OsirisLongSlitSpectroscopy_noflatfield.fits
bp0000332959-20130520-OSIRIS-OsirisLongSlitSpectroscopy_noflatfield.fits
bp0000332960-20130520-OSIRIS-OsirisLongSlitSpectroscopy_noflatfield.fits
bp0000332961-20130520-OSIRIS-OsirisLongSlitSpectroscopy_noflatfield.fits
bp0000332962-20130520-OSIRIS-OsirisLongSlitSpectroscopy_noflatfield.fits
bp0000332963-20130520-OSIRIS-OsirisLongSlitSpectroscopy_noflatfield.fits
bp0000332964-20130520-OSIRIS-OsirisLongSlitSpectroscopy_noflatfield.fits
bp0000332965-20130520-OSIRIS-OsirisLongSlitSpectroscopy_noflatfield.fits
bp0000332966-20130520-OSIRIS-OsirisLongSlitSpectroscopy_noflatfield.fits
bp0000332967-20130520-OSIRIS-OsirisLongSlitSpectroscopy_noflatfield.fits
bp0000332968-20130520-OSIRIS-OsirisLongSlitSpectroscopy_noflatfield.fits
bp0000332969-20130520-OSIRIS-OsirisLongSlitSpectroscopy_noflatfield.fits
bp0000332970-20130520-OSIRIS-OsirisLongSlitSpectroscopy_noflatfield.fits
bp0000332971-20130520-OSIRIS-OsirisLongSlitSpectroscopy_noflatfield.fits
bp0000332972-20130520-OSIRIS-OsirisLongSlitSpectroscopy_noflatfield.fits
bp0000332973-20130520-OSIRIS-OsirisLongSlitSpectroscopy_noflatfield.fits
bp0000332974-20130520-OSIRIS-OsirisLongSlitSpectroscopy_noflatfield.fits
bp0000332975-20130520-OSIRIS-OsirisLongSlitSpectroscopy_noflatfield.fits
bp0000332976-20130520-OSIRIS-OsirisLongSlitSpectroscopy_noflatfield.fits
bp0000332977-20130520-OSIRIS-OsirisLongSlitSpectroscopy_noflatfield.fits
bp0000332978-20130520-OSIRIS-OsirisLongSlitSpectroscopy_noflatfield.fits
bp0000332979-20130520-OSIRIS-OsirisLongSlitSpectroscopy_noflatfield.fits
bp0000332980-20130520-OSIRIS-OsirisLongSlitSpectroscopy_noflatfield.fits
bp0000332981-20130520-OSIRIS-OsirisLongSlitSpectroscopy_noflatfield.fits
bp0000332982-20130520-OSIRIS-OsirisLongSlitSpectroscopy_noflatfield.fits
bp0000332983-20130520-OSIRIS-OsirisLongSlitSpectroscopy_noflatfield.fits
bp0000332984-20130520-OSIRIS-OsirisLongSlitSpectroscopy_noflatfield.fits
bp0000332985-20130520-OSIRIS-OsirisLongSlitSpectroscopy_noflatfield.fits
bp0000332986-20130520-OSIRIS-OsirisLongSlitSpectroscopy_noflatfield.fits
bp0000332987-20130520-OSIRIS-OsirisLongSlitSpectroscopy_noflatfield.fits
bp0000332988-20130520-OSIRIS-OsirisLongSlitSpectroscopy_noflatfield.fits
bp0000332989-20130520-OSIRIS-OsirisLongSlitSpectroscopy_noflatfield.fits
bp0000332990-20130520-OSIRIS-OsirisLongSlitSpectroscopy_noflatfield.fits
bp0000332991-20130520-OSIRIS-OsirisLongSlitSpectroscopy_noflatfield.fits
bp0000332992-20130520-OSIRIS-OsirisLongSlitSpectroscopy_noflatfield.fits
bp0000332993-20130520-OSIRIS-OsirisLongSlitSpectroscopy_noflatfield.fits
bp0000332994-20130520-OSIRIS-OsirisLongSlitSpectroscopy_noflatfield.fits
bp0000332995-20130520-OSIRIS-OsirisLongSlitSpectroscopy_noflatfield.fits
bp0000332996-20130520-OSIRIS-OsirisLongSlitSpectroscopy_noflatfield.fits
bp0000332997-20130520-OSIRIS-OsirisLongSlitSpectroscopy_noflatfield.fits
bp0000332998-20130520-OSIRIS-OsirisLongSlitSpectroscopy_noflatfield.fits
bp0000332999-20130520-OSIRIS-OsirisLongSlitSpectroscopy_noflatfield.fits
bp0000333000-20130520-OSIRIS-OsirisLongSlitSpectroscopy_noflatfield.fits
bp0000333001-20130520-OSIRIS-OsirisLongSlitSpectroscopy_noflatfield.fits
bp0000333002-20130520-OSIRIS-OsirisLongSlitSpectroscopy_noflatfield.fits
bp0000333003-20130520-OSIRIS-OsirisLongSlitSpectroscopy_noflatfield.fits
bp0000333004-20130520-OSIRIS-OsirisLongSlitSpectroscopy_noflatfield.fits
bp0000333005-20130520-OSIRIS-OsirisLongSlitSpectroscopy_noflatfield.fits
bp0000333006-20130520-OSIRIS-OsirisLongSlitSpectroscopy_noflatfield.fits
bp0000333007-20130520-OSIRIS-OsirisLongSlitSpectroscopy_noflatfield.fits
bp0000333008-20130520-OSIRIS-OsirisLongSlitSpectroscopy_noflatfield.fits
bp0000333009-20130520-OSIRIS-OsirisLongSlitSpectroscopy_noflatfield.fits
bp0000333010-20130520-OSIRIS-OsirisLongSlitSpectroscopy_noflatfield.fits
bp0000333011-20130520-OSIRIS-OsirisLongSlitSpectroscopy_noflatfield.fits
bp0000333012-20130520-OSIRIS-OsirisLongSlitSpectroscopy_noflatfield.fits
bp0000333013-20130520-OSIRIS-OsirisLongSlitSpectroscopy_noflatfield.fits
bp0000333014-20130520-OSIRIS-OsirisLongSlitSpectroscopy_noflatfield.fits
bp0000333015-20130520-OSIRIS-OsirisLongSlitSpectroscopy_noflatfield.fits
bp0000333016-20130520-OSIRIS-OsirisLongSlitSpectroscopy_noflatfield.fits
bp0000333017-20130520-OSIRIS-OsirisLongSlitSpectroscopy_noflatfield.fits
bp0000333018-20130520-OSIRIS-OsirisLongSlitSpectroscopy_noflatfield.fits
bp0000333019-20130520-OSIRIS-OsirisLongSlitSpectroscopy_noflatfield.fits
bp0000333020-20130520-OSIRIS-OsirisLongSlitSpectroscopy_noflatfield.fits
bp0000333021-20130520-OSIRIS-OsirisLongSlitSpectroscopy_noflatfield.fits
bp0000333022-20130520-OSIRIS-OsirisLongSlitSpectroscopy_noflatfield.fits
bp0000333023-20130520-OSIRIS-OsirisLongSlitSpectroscopy_noflatfield.fits
bp0000333024-20130520-OSIRIS-OsirisLongSlitSpectroscopy_noflatfield.fits
bp0000333025-20130520-OSIRIS-OsirisLongSlitSpectroscopy_noflatfield.fits
bp0000333026-20130520-OSIRIS-OsirisLongSlitSpectroscopy_noflatfield.fits
bp0000333027-20130520-OSIRIS-OsirisLongSlitSpectroscopy_noflatfield.fits
bp0000333028-20130520-OSIRIS-OsirisLongSlitSpectroscopy_noflatfield.fits
bp0000333029-20130520-OSIRIS-OsirisLongSlitSpectroscopy_noflatfield.fits
bp0000333030-20130520-OSIRIS-OsirisLongSlitSpectroscopy_noflatfield.fits
bp0000333031-20130520-OSIRIS-OsirisLongSlitSpectroscopy_noflatfield.fits
bp0000333032-20130520-OSIRIS-OsirisLongSlitSpectroscopy_noflatfield.fits
bp0000333033-20130520-OSIRIS-OsirisLongSlitSpectroscopy_noflatfield.fits
bp0000333034-20130520-OSIRIS-OsirisLongSlitSpectroscopy_noflatfield.fits
bp0000333035-20130520-OSIRIS-OsirisLongSlitSpectroscopy_noflatfield.fits
bp0000333036-20130520-OSIRIS-OsirisLongSlitSpectroscopy_noflatfield.fits
bp0000333037-20130520-OSIRIS-OsirisLongSlitSpectroscopy_noflatfield.fits
bp0000333038-20130520-OSIRIS-OsirisLongSlitSpectroscopy_noflatfield.fits
bp0000333039-20130520-OSIRIS-OsirisLongSlitSpectroscopy_noflatfield.fits
bp0000333040-20130520-OSIRIS-OsirisLongSlitSpectroscopy_noflatfield.fits
bp0000333041-20130520-OSIRIS-OsirisLongSlitSpectroscopy_noflatfield.fits
bp0000333042-20130520-OSIRIS-OsirisLongSlitSpectroscopy_noflatfield.fits
bp0000333043-20130520-OSIRIS-OsirisLongSlitSpectroscopy_noflatfield.fits
bp0000333044-20130520-OSIRIS-OsirisLongSlitSpectroscopy_noflatfield.fits
bp0000333045-20130520-OSIRIS-OsirisLongSlitSpectroscopy_noflatfield.fits
bp0000333046-20130520-OSIRIS-OsirisLongSlitSpectroscopy_noflatfield.fits
bp0000333047-20130520-OSIRIS-OsirisLongSlitSpectroscopy_noflatfield.fits
bp0000333048-20130520-OSIRIS-OsirisLongSlitSpectroscopy_noflatfield.fits
bp0000333049-20130520-OSIRIS-OsirisLongSlitSpectroscopy_noflatfield.fits
bp0000333050-20130520-OSIRIS-OsirisLongSlitSpectroscopy_noflatfield.fits
bp0000333051-20130520-OSIRIS-OsirisLongSlitSpectroscopy_noflatfield.fits
bp0000333052-20130520-OSIRIS-OsirisLongSlitSpectroscopy_noflatfield.fits
bp0000333053-20130520-OSIRIS-OsirisLongSlitSpectroscopy_noflatfield.fits
bp0000333054-20130520-OSIRIS-OsirisLongSlitSpectroscopy_noflatfield.fits
bp0000333055-20130520-OSIRIS-OsirisLongSlitSpectroscopy_noflatfield.fits
bp0000333056-20130520-OSIRIS-OsirisLongSlitSpectroscopy_noflatfield.fits
bp0000333057-20130520-OSIRIS-OsirisLongSlitSpectroscopy_noflatfield.fits
bp0000333058-20130520-OSIRIS-OsirisLongSlitSpectroscopy_noflatfield.fits
bp0000333059-20130520-OSIRIS-OsirisLongSlitSpectroscopy_noflatfield.fits
bp0000333060-20130520-OSIRIS-OsirisLongSlitSpectroscopy_noflatfield.fits
bp0000333061-20130520-OSIRIS-OsirisLongSlitSpectroscopy_noflatfield.fits
bp0000333062-20130520-OSIRIS-OsirisLongSlitSpectroscopy_noflatfield.fits
bp0000333063-20130520-OSIRIS-OsirisLongSlitSpectroscopy_noflatfield.fits
bp0000333064-20130520-OSIRIS-OsirisLongSlitSpectroscopy_noflatfield.fits
bp0000333065-20130520-OSIRIS-OsirisLongSlitSpectroscopy_noflatfield.fits
bp0000333066-20130520-OSIRIS-OsirisLongSlitSpectroscopy_noflatfield.fits
bp0000333067-20130520-OSIRIS-OsirisLongSlitSpectroscopy_noflatfield.fits
bp0000333068-20130520-OSIRIS-OsirisLongSlitSpectroscopy_noflatfield.fits
bp0000333069-20130520-OSIRIS-OsirisLongSlitSpectroscopy_noflatfield.fits
bp0000333070-20130520-OSIRIS-OsirisLongSlitSpectroscopy_noflatfield.fits
bp0000333071-20130520-OSIRIS-OsirisLongSlitSpectroscopy_noflatfield.fits
bp0000333072-20130520-OSIRIS-OsirisLongSlitSpectroscopy_noflatfield.fits
bp0000333073-20130520-OSIRIS-OsirisLongSlitSpectroscopy_noflatfield.fits
bp0000333074-20130520-OSIRIS-OsirisLongSlitSpectroscopy_noflatfield.fits
bp0000333075-20130520-OSIRIS-OsirisLongSlitSpectroscopy_noflatfield.fits
bp0000333076-20130520-OSIRIS-OsirisLongSlitSpectroscopy_noflatfield.fits
bp0000333077-20130520-OSIRIS-OsirisLongSlitSpectroscopy_noflatfield.fits
bp0000333078-20130520-OSIRIS-OsirisLongSlitSpectroscopy_noflatfield.fits
bp0000333079-20130520-OSIRIS-OsirisLongSlitSpectroscopy_noflatfield.fits
bp0000333080-20130520-OSIRIS-OsirisLongSlitSpectroscopy_noflatfield.fits
bp0000333081-20130520-OSIRIS-OsirisLongSlitSpectroscopy_noflatfield.fits
bp0000333082-20130520-OSIRIS-OsirisLongSlitSpectroscopy_noflatfield.fits
bp0000333083-20130520-OSIRIS-OsirisLongSlitSpectroscopy_noflatfield.fits
bp0000333084-20130520-OSIRIS-OsirisLongSlitSpectroscopy_noflatfield.fits
bp0000333085-20130520-OSIRIS-OsirisLongSlitSpectroscopy_noflatfield.fits
bp0000333086-20130520-OSIRIS-OsirisLongSlitSpectroscopy_noflatfield.fits
bp0000333087-20130520-OSIRIS-OsirisLongSlitSpectroscopy_noflatfield.fits
bp0000333088-20130520-OSIRIS-OsirisLongSlitSpectroscopy_noflatfield.fits
bp0000333089-20130520-OSIRIS-OsirisLongSlitSpectroscopy_noflatfield.fits
bp0000333090-20130520-OSIRIS-OsirisLongSlitSpectroscopy_noflatfield.fits
bp0000333091-20130520-OSIRIS-OsirisLongSlitSpectroscopy_noflatfield.fits
bp0000333092-20130520-OSIRIS-OsirisLongSlitSpectroscopy_noflatfield.fits
bp0000333093-20130520-OSIRIS-OsirisLongSlitSpectroscopy_noflatfield.fits
bp0000333094-20130520-OSIRIS-OsirisLongSlitSpectroscopy_noflatfield.fits
bp0000333095-20130520-OSIRIS-OsirisLongSlitSpectroscopy_noflatfield.fits
bp0000333096-20130520-OSIRIS-OsirisLongSlitSpectroscopy_noflatfield.fits
bp0000333097-20130520-OSIRIS-OsirisLongSlitSpectroscopy_noflatfield.fits
bp0000333098-20130520-OSIRIS-OsirisLongSlitSpectroscopy_noflatfield.fits
bp0000333099-20130520-OSIRIS-OsirisLongSlitSpectroscopy_noflatfield.fits
bp0000333100-20130520-OSIRIS-OsirisLongSlitSpectroscopy_noflatfield.fits
bp0000333101-20130520-OSIRIS-OsirisLongSlitSpectroscopy_noflatfield.fits
bp0000333102-20130520-OSIRIS-OsirisLongSlitSpectroscopy_noflatfield.fits
bp0000333103-20130520-OSIRIS-OsirisLongSlitSpectroscopy_noflatfield.fits
bp0000333104-20130520-OSIRIS-OsirisLongSlitSpectroscopy_noflatfield.fits
bp0000333105-20130520-OSIRIS-OsirisLongSlitSpectroscopy_noflatfield.fits
bp0000333106-20130520-OSIRIS-OsirisLongSlitSpectroscopy_noflatfield.fits
bp0000333107-20130520-OSIRIS-OsirisLongSlitSpectroscopy_noflatfield.fits
bp0000333108-20130520-OSIRIS-OsirisLongSlitSpectroscopy_noflatfield.fits
bp0000333109-20130520-OSIRIS-OsirisLongSlitSpectroscopy_noflatfield.fits
bp0000333110-20130520-OSIRIS-OsirisLongSlitSpectroscopy_noflatfield.fits
bp0000333111-20130520-OSIRIS-OsirisLongSlitSpectroscopy_noflatfield.fits
bp0000333112-20130520-OSIRIS-OsirisLongSlitSpectroscopy_noflatfield.fits
bp0000333113-20130520-OSIRIS-OsirisLongSlitSpectroscopy_noflatfield.fits
bp0000333114-20130520-OSIRIS-OsirisLongSlitSpectroscopy_noflatfield.fits
bp0000333115-20130520-OSIRIS-OsirisLongSlitSpectroscopy_noflatfield.fits
bp0000333116-20130520-OSIRIS-OsirisLongSlitSpectroscopy_noflatfield.fits
bp0000333117-20130520-OSIRIS-OsirisLongSlitSpectroscopy_noflatfield.fits
bp0000333118-20130520-OSIRIS-OsirisLongSlitSpectroscopy_noflatfield.fits
bp0000333119-20130520-OSIRIS-OsirisLongSlitSpectroscopy_noflatfield.fits
bp0000333120-20130520-OSIRIS-OsirisLongSlitSpectroscopy_noflatfield.fits
bp0000333121-20130520-OSIRIS-OsirisLongSlitSpectroscopy_noflatfield.fits
bp0000333122-20130520-OSIRIS-OsirisLongSlitSpectroscopy_noflatfield.fits
bp0000333123-20130520-OSIRIS-OsirisLongSlitSpectroscopy_noflatfield.fits
bp0000333124-20130520-OSIRIS-OsirisLongSlitSpectroscopy_noflatfield.fits
bp0000333125-20130520-OSIRIS-OsirisLongSlitSpectroscopy_noflatfield.fits
bp0000333126-20130520-OSIRIS-OsirisLongSlitSpectroscopy_noflatfield.fits
bp0000333127-20130520-OSIRIS-OsirisLongSlitSpectroscopy_noflatfield.fits
bp0000333128-20130520-OSIRIS-OsirisLongSlitSpectroscopy_noflatfield.fits
bp0000333129-20130520-OSIRIS-OsirisLongSlitSpectroscopy_noflatfield.fits
bp0000333130-20130520-OSIRIS-OsirisLongSlitSpectroscopy_noflatfield.fits
bp0000333131-20130520-OSIRIS-OsirisLongSlitSpectroscopy_noflatfield.fits
bp0000333132-20130520-OSIRIS-OsirisLongSlitSpectroscopy_noflatfield.fits
bp0000333133-20130520-OSIRIS-OsirisLongSlitSpectroscopy_noflatfield.fits
bp0000333134-20130520-OSIRIS-OsirisLongSlitSpectroscopy_noflatfield.fits
bp0000333135-20130520-OSIRIS-OsirisLongSlitSpectroscopy_noflatfield.fits
bp0000333136-20130520-OSIRIS-OsirisLongSlitSpectroscopy_noflatfield.fits
bp0000333137-20130520-OSIRIS-OsirisLongSlitSpectroscopy_noflatfield.fits
bp0000333138-20130520-OSIRIS-OsirisLongSlitSpectroscopy_noflatfield.fits
bp0000333139-20130520-OSIRIS-OsirisLongSlitSpectroscopy_noflatfield.fits
bp0000333140-20130520-OSIRIS-OsirisLongSlitSpectroscopy_noflatfield.fits
bp0000333141-20130520-OSIRIS-OsirisLongSlitSpectroscopy_noflatfield.fits
bp0000333142-20130520-OSIRIS-OsirisLongSlitSpectroscopy_noflatfield.fits
bp0000333143-20130520-OSIRIS-OsirisLongSlitSpectroscopy_noflatfield.fits
bp0000333144-20130520-OSIRIS-OsirisLongSlitSpectroscopy_noflatfield.fits
bp0000333145-20130520-OSIRIS-OsirisLongSlitSpectroscopy_noflatfield.fits
bp0000333146-20130520-OSIRIS-OsirisLongSlitSpectroscopy_noflatfield.fits
bp0000333147-20130520-OSIRIS-OsirisLongSlitSpectroscopy_noflatfield.fits
bp0000333148-20130520-OSIRIS-OsirisLongSlitSpectroscopy_noflatfield.fits
bp0000333149-20130520-OSIRIS-OsirisLongSlitSpectroscopy_noflatfield.fits
bp0000333150-20130520-OSIRIS-OsirisLongSlitSpectroscopy_noflatfield.fits
bp0000333151-20130520-OSIRIS-OsirisLongSlitSpectroscopy_noflatfield.fits
bp0000333152-20130520-OSIRIS-OsirisLongSlitSpectroscopy_noflatfield.fits
bp0000333153-20130520-OSIRIS-OsirisLongSlitSpectroscopy_noflatfield.fits
bp0000333154-20130520-OSIRIS-OsirisLongSlitSpectroscopy_noflatfield.fits
bp0000333155-20130520-OSIRIS-OsirisLongSlitSpectroscopy_noflatfield.fits
bp0000333156-20130520-OSIRIS-OsirisLongSlitSpectroscopy_noflatfield.fits
bp0000333157-20130520-OSIRIS-OsirisLongSlitSpectroscopy_noflatfield.fits
bp0000333158-20130520-OSIRIS-OsirisLongSlitSpectroscopy_noflatfield.fits
bp0000333159-20130520-OSIRIS-OsirisLongSlitSpectroscopy_noflatfield.fits
bp0000333160-20130520-OSIRIS-OsirisLongSlitSpectroscopy_noflatfield.fits
bp0000333161-20130520-OSIRIS-OsirisLongSlitSpectroscopy_noflatfield.fits
bp0000333162-20130520-OSIRIS-OsirisLongSlitSpectroscopy_noflatfield.fits
bp0000333163-20130520-OSIRIS-OsirisLongSlitSpectroscopy_noflatfield.fits
bp0000333164-20130520-OSIRIS-OsirisLongSlitSpectroscopy_noflatfield.fits
bp0000333165-20130520-OSIRIS-OsirisLongSlitSpectroscopy_noflatfield.fits
bp0000333166-20130520-OSIRIS-OsirisLongSlitSpectroscopy_noflatfield.fits
bp0000333167-20130520-OSIRIS-OsirisLongSlitSpectroscopy_noflatfield.fits
bp0000333168-20130520-OSIRIS-OsirisLongSlitSpectroscopy_noflatfield.fits
bp0000333169-20130520-OSIRIS-OsirisLongSlitSpectroscopy_noflatfield.fits
bp0000333170-20130520-OSIRIS-OsirisLongSlitSpectroscopy_noflatfield.fits
bp0000333171-20130520-OSIRIS-OsirisLongSlitSpectroscopy_noflatfield.fits
bp0000333172-20130520-OSIRIS-OsirisLongSlitSpectroscopy_noflatfield.fits
bp0000333173-20130520-OSIRIS-OsirisLongSlitSpectroscopy_noflatfield.fits
bp0000333174-20130520-OSIRIS-OsirisLongSlitSpectroscopy_noflatfield.fits
bp0000333175-20130520-OSIRIS-OsirisLongSlitSpectroscopy_noflatfield.fits
bp0000333176-20130520-OSIRIS-OsirisLongSlitSpectroscopy_noflatfield.fits
bp0000333177-20130520-OSIRIS-OsirisLongSlitSpectroscopy_noflatfield.fits
bp0000333178-20130520-OSIRIS-OsirisLongSlitSpectroscopy_noflatfield.fits
bp0000333179-20130520-OSIRIS-OsirisLongSlitSpectroscopy_noflatfield.fits
bp0000333180-20130520-OSIRIS-OsirisLongSlitSpectroscopy_noflatfield.fits
bp0000333181-20130520-OSIRIS-OsirisLongSlitSpectroscopy_noflatfield.fits
bp0000333182-20130520-OSIRIS-OsirisLongSlitSpectroscopy_noflatfield.fits
bp0000333183-20130520-OSIRIS-OsirisLongSlitSpectroscopy_noflatfield.fits
bp0000333184-20130520-OSIRIS-OsirisLongSlitSpectroscopy_noflatfield.fits
bp0000333185-20130520-OSIRIS-OsirisLongSlitSpectroscopy_noflatfield.fits
bp0000333186-20130520-OSIRIS-OsirisLongSlitSpectroscopy_noflatfield.fits
bp0000333187-20130520-OSIRIS-OsirisLongSlitSpectroscopy_noflatfield.fits
bp0000333188-20130520-OSIRIS-OsirisLongSlitSpectroscopy_noflatfield.fits
bp0000333189-20130520-OSIRIS-OsirisLongSlitSpectroscopy_noflatfield.fits
bp0000333190-20130520-OSIRIS-OsirisLongSlitSpectroscopy_noflatfield.fits
bp0000333191-20130520-OSIRIS-OsirisLongSlitSpectroscopy_noflatfield.fits
bp0000333192-20130520-OSIRIS-OsirisLongSlitSpectroscopy_noflatfield.fits
bp0000333193-20130520-OSIRIS-OsirisLongSlitSpectroscopy_noflatfield.fits
bp0000333194-20130520-OSIRIS-OsirisLongSlitSpectroscopy_noflatfield.fits
bp0000333195-20130520-OSIRIS-OsirisLongSlitSpectroscopy_noflatfield.fits
bp0000333196-20130520-OSIRIS-OsirisLongSlitSpectroscopy_noflatfield.fits
bp0000333197-20130520-OSIRIS-OsirisLongSlitSpectroscopy_noflatfield.fits
bp0000333198-20130520-OSIRIS-OsirisLongSlitSpectroscopy_noflatfield.fits
bp0000333199-20130520-OSIRIS-OsirisLongSlitSpectroscopy_noflatfield.fits
bp0000333200-20130520-OSIRIS-OsirisLongSlitSpectroscopy_noflatfield.fits
bp0000333201-20130520-OSIRIS-OsirisLongSlitSpectroscopy_noflatfield.fits
bp0000333202-20130520-OSIRIS-OsirisLongSlitSpectroscopy_noflatfield.fits
bp0000333203-20130520-OSIRIS-OsirisLongSlitSpectroscopy_noflatfield.fits
bp0000333204-20130520-OSIRIS-OsirisLongSlitSpectroscopy_noflatfield.fits
bp0000333205-20130520-OSIRIS-OsirisLongSlitSpectroscopy_noflatfield.fits
bp0000333206-20130520-OSIRIS-OsirisLongSlitSpectroscopy_noflatfield.fits
bp0000333207-20130520-OSIRIS-OsirisLongSlitSpectroscopy_noflatfield.fits
bp0000333208-20130520-OSIRIS-OsirisLongSlitSpectroscopy_noflatfield.fits
bp0000333209-20130520-OSIRIS-OsirisLongSlitSpectroscopy_noflatfield.fits
bp0000333210-20130520-OSIRIS-OsirisLongSlitSpectroscopy_noflatfield.fits
bp0000333211-20130520-OSIRIS-OsirisLongSlitSpectroscopy_noflatfield.fits
bp0000333212-20130520-OSIRIS-OsirisLongSlitSpectroscopy_noflatfield.fits
bp0000333213-20130520-OSIRIS-OsirisLongSlitSpectroscopy_noflatfield.fits
bp0000333214-20130520-OSIRIS-OsirisLongSlitSpectroscopy_noflatfield.fits
bp0000333215-20130520-OSIRIS-OsirisLongSlitSpectroscopy_noflatfield.fits
bp0000333216-20130520-OSIRIS-OsirisLongSlitSpectroscopy_noflatfield.fits
bp0000333217-20130520-OSIRIS-OsirisLongSlitSpectroscopy_noflatfield.fits
bp0000333218-20130520-OSIRIS-OsirisLongSlitSpectroscopy_noflatfield.fits
bp0000333219-20130520-OSIRIS-OsirisLongSlitSpectroscopy_noflatfield.fits
bp0000333220-20130520-OSIRIS-OsirisLongSlitSpectroscopy_noflatfield.fits
bp0000333221-20130520-OSIRIS-OsirisLongSlitSpectroscopy_noflatfield.fits
bp0000333222-20130520-OSIRIS-OsirisLongSlitSpectroscopy_noflatfield.fits
bp0000333223-20130520-OSIRIS-OsirisLongSlitSpectroscopy_noflatfield.fits
bp0000333224-20130520-OSIRIS-OsirisLongSlitSpectroscopy_noflatfield.fits
bp0000333225-20130520-OSIRIS-OsirisLongSlitSpectroscopy_noflatfield.fits
bp0000333226-20130520-OSIRIS-OsirisLongSlitSpectroscopy_noflatfield.fits
bp0000333227-20130520-OSIRIS-OsirisLongSlitSpectroscopy_noflatfield.fits
bp0000333228-20130520-OSIRIS-OsirisLongSlitSpectroscopy_noflatfield.fits
bp0000333229-20130520-OSIRIS-OsirisLongSlitSpectroscopy_noflatfield.fits
bp0000333230-20130520-OSIRIS-OsirisLongSlitSpectroscopy_noflatfield.fits
bp0000333231-20130520-OSIRIS-OsirisLongSlitSpectroscopy_noflatfield.fits
bp0000333232-20130520-OSIRIS-OsirisLongSlitSpectroscopy_noflatfield.fits
bp0000333233-20130520-OSIRIS-OsirisLongSlitSpectroscopy_noflatfield.fits
bp0000333234-20130520-OSIRIS-OsirisLongSlitSpectroscopy_noflatfield.fits
bp0000333235-20130520-OSIRIS-OsirisLongSlitSpectroscopy_noflatfield.fits
bp0000333236-20130520-OSIRIS-OsirisLongSlitSpectroscopy_noflatfield.fits
bp0000333237-20130520-OSIRIS-OsirisLongSlitSpectroscopy_noflatfield.fits
bp0000333238-20130520-OSIRIS-OsirisLongSlitSpectroscopy_noflatfield.fits
bp0000333239-20130520-OSIRIS-OsirisLongSlitSpectroscopy_noflatfield.fits
bp0000333240-20130520-OSIRIS-OsirisLongSlitSpectroscopy_noflatfield.fits
bp0000333241-20130520-OSIRIS-OsirisLongSlitSpectroscopy_noflatfield.fits
bp0000333242-20130520-OSIRIS-OsirisLongSlitSpectroscopy_noflatfield.fits
bp0000333243-20130520-OSIRIS-OsirisLongSlitSpectroscopy_noflatfield.fits
bp0000333244-20130520-OSIRIS-OsirisLongSlitSpectroscopy_noflatfield.fits
bp0000333245-20130520-OSIRIS-OsirisLongSlitSpectroscopy_noflatfield.fits
bp0000333246-20130520-OSIRIS-OsirisLongSlitSpectroscopy_noflatfield.fits
bp0000333247-20130520-OSIRIS-OsirisLongSlitSpectroscopy_noflatfield.fits
bp0000333248-20130520-OSIRIS-OsirisLongSlitSpectroscopy_noflatfield.fits
bp0000333249-20130520-OSIRIS-OsirisLongSlitSpectroscopy_noflatfield.fits
bp0000333250-20130520-OSIRIS-OsirisLongSlitSpectroscopy_noflatfield.fits
bp0000333251-20130520-OSIRIS-OsirisLongSlitSpectroscopy_noflatfield.fits
bp0000333252-20130520-OSIRIS-OsirisLongSlitSpectroscopy_noflatfield.fits
bp0000333253-20130520-OSIRIS-OsirisLongSlitSpectroscopy_noflatfield.fits
bp0000333254-20130520-OSIRIS-OsirisLongSlitSpectroscopy_noflatfield.fits
bp0000333255-20130520-OSIRIS-OsirisLongSlitSpectroscopy_noflatfield.fits
bp0000333256-20130520-OSIRIS-OsirisLongSlitSpectroscopy_noflatfield.fits
bp0000333257-20130520-OSIRIS-OsirisLongSlitSpectroscopy_noflatfield.fits
bp0000333258-20130520-OSIRIS-OsirisLongSlitSpectroscopy_noflatfield.fits
bp0000333259-20130520-OSIRIS-OsirisLongSlitSpectroscopy_noflatfield.fits
bp0000333260-20130520-OSIRIS-OsirisLongSlitSpectroscopy_noflatfield.fits
bp0000333261-20130520-OSIRIS-OsirisLongSlitSpectroscopy_noflatfield.fits
bp0000333262-20130520-OSIRIS-OsirisLongSlitSpectroscopy_noflatfield.fits
bp0000333263-20130520-OSIRIS-OsirisLongSlitSpectroscopy_noflatfield.fits
bp0000333264-20130520-OSIRIS-OsirisLongSlitSpectroscopy_noflatfield.fits
bp0000333265-20130520-OSIRIS-OsirisLongSlitSpectroscopy_noflatfield.fits
bp0000333266-20130520-OSIRIS-OsirisLongSlitSpectroscopy_noflatfield.fits
bp0000333267-20130520-OSIRIS-OsirisLongSlitSpectroscopy_noflatfield.fits
bp0000333268-20130520-OSIRIS-OsirisLongSlitSpectroscopy_noflatfield.fits
bp0000333269-20130520-OSIRIS-OsirisLongSlitSpectroscopy_noflatfield.fits
bp0000333270-20130520-OSIRIS-OsirisLongSlitSpectroscopy_noflatfield.fits
bp0000333271-20130520-OSIRIS-OsirisLongSlitSpectroscopy_noflatfield.fits
bp0000333272-20130520-OSIRIS-OsirisLongSlitSpectroscopy_noflatfield.fits
bp0000333273-20130520-OSIRIS-OsirisLongSlitSpectroscopy_noflatfield.fits
bp0000333274-20130520-OSIRIS-OsirisLongSlitSpectroscopy_noflatfield.fits
bp0000333275-20130520-OSIRIS-OsirisLongSlitSpectroscopy_noflatfield.fits
bp0000333276-20130520-OSIRIS-OsirisLongSlitSpectroscopy_noflatfield.fits
bp0000333277-20130520-OSIRIS-OsirisLongSlitSpectroscopy_noflatfield.fits
bp0000333278-20130520-OSIRIS-OsirisLongSlitSpectroscopy_noflatfield.fits
bp0000333279-20130520-OSIRIS-OsirisLongSlitSpectroscopy_noflatfield.fits
bp0000333280-20130520-OSIRIS-OsirisLongSlitSpectroscopy_noflatfield.fits
bp0000333281-20130520-OSIRIS-OsirisLongSlitSpectroscopy_noflatfield.fits
bp0000333282-20130520-OSIRIS-OsirisLongSlitSpectroscopy_noflatfield.fits
bp0000333283-20130520-OSIRIS-OsirisLongSlitSpectroscopy_noflatfield.fits
bp0000333284-20130520-OSIRIS-OsirisLongSlitSpectroscopy_noflatfield.fits
bp0000333285-20130520-OSIRIS-OsirisLongSlitSpectroscopy_noflatfield.fits
bp0000333286-20130520-OSIRIS-OsirisLongSlitSpectroscopy_noflatfield.fits
bp0000333287-20130520-OSIRIS-OsirisLongSlitSpectroscopy_noflatfield.fits
bp0000333288-20130520-OSIRIS-OsirisLongSlitSpectroscopy_noflatfield.fits
bp0000333289-20130520-OSIRIS-OsirisLongSlitSpectroscopy_noflatfield.fits
bp0000333290-20130520-OSIRIS-OsirisLongSlitSpectroscopy_noflatfield.fits
bp0000333291-20130520-OSIRIS-OsirisLongSlitSpectroscopy_noflatfield.fits
bp0000333292-20130520-OSIRIS-OsirisLongSlitSpectroscopy_noflatfield.fits
bp0000333293-20130520-OSIRIS-OsirisLongSlitSpectroscopy_noflatfield.fits
bp0000333294-20130520-OSIRIS-OsirisLongSlitSpectroscopy_noflatfield.fits
bp0000333295-20130520-OSIRIS-OsirisLongSlitSpectroscopy_noflatfield.fits
bp0000333296-20130520-OSIRIS-OsirisLongSlitSpectroscopy_noflatfield.fits
bp0000333297-20130520-OSIRIS-OsirisLongSlitSpectroscopy_noflatfield.fits
bp0000333298-20130520-OSIRIS-OsirisLongSlitSpectroscopy_noflatfield.fits
bp0000333299-20130520-OSIRIS-OsirisLongSlitSpectroscopy_noflatfield.fits
bp0000333300-20130520-OSIRIS-OsirisLongSlitSpectroscopy_noflatfield.fits
bp0000333301-20130520-OSIRIS-OsirisLongSlitSpectroscopy_noflatfield.fits
bp0000333302-20130520-OSIRIS-OsirisLongSlitSpectroscopy_noflatfield.fits
bp0000333303-20130520-OSIRIS-OsirisLongSlitSpectroscopy_noflatfield.fits
bp0000333304-20130520-OSIRIS-OsirisLongSlitSpectroscopy_noflatfield.fits
bp0000333305-20130520-OSIRIS-OsirisLongSlitSpectroscopy_noflatfield.fits
bp0000333306-20130520-OSIRIS-OsirisLongSlitSpectroscopy_noflatfield.fits
bp0000333307-20130520-OSIRIS-OsirisLongSlitSpectroscopy_noflatfield.fits
bp0000333308-20130520-OSIRIS-OsirisLongSlitSpectroscopy_noflatfield.fits
bp0000333309-20130520-OSIRIS-OsirisLongSlitSpectroscopy_noflatfield.fits
bp0000333310-20130520-OSIRIS-OsirisLongSlitSpectroscopy_noflatfield.fits
bp0000333311-20130520-OSIRIS-OsirisLongSlitSpectroscopy_noflatfield.fits
bp0000333312-20130520-OSIRIS-OsirisLongSlitSpectroscopy_noflatfield.fits
bp0000333313-20130520-OSIRIS-OsirisLongSlitSpectroscopy_noflatfield.fits
bp0000333314-20130520-OSIRIS-OsirisLongSlitSpectroscopy_noflatfield.fits
bp0000333315-20130520-OSIRIS-OsirisLongSlitSpectroscopy_noflatfield.fits
bp0000333316-20130520-OSIRIS-OsirisLongSlitSpectroscopy_noflatfield.fits
bp0000333317-20130520-OSIRIS-OsirisLongSlitSpectroscopy_noflatfield.fits
bp0000333318-20130520-OSIRIS-OsirisLongSlitSpectroscopy_noflatfield.fits
bp0000333319-20130520-OSIRIS-OsirisLongSlitSpectroscopy_noflatfield.fits
bp0000333320-20130520-OSIRIS-OsirisLongSlitSpectroscopy_noflatfield.fits
bp0000333321-20130520-OSIRIS-OsirisLongSlitSpectroscopy_noflatfield.fits
bp0000333322-20130520-OSIRIS-OsirisLongSlitSpectroscopy_noflatfield.fits
bp0000333323-20130520-OSIRIS-OsirisLongSlitSpectroscopy_noflatfield.fits
bp0000333324-20130520-OSIRIS-OsirisLongSlitSpectroscopy_noflatfield.fits
bp0000333325-20130520-OSIRIS-OsirisLongSlitSpectroscopy_noflatfield.fits
bp0000333326-20130520-OSIRIS-OsirisLongSlitSpectroscopy_noflatfield.fits
bp0000333327-20130520-OSIRIS-OsirisLongSlitSpectroscopy_noflatfield.fits
bp0000333328-20130520-OSIRIS-OsirisLongSlitSpectroscopy_noflatfield.fits
bp0000333329-20130520-OSIRIS-OsirisLongSlitSpectroscopy_noflatfield.fits
bp0000333330-20130520-OSIRIS-OsirisLongSlitSpectroscopy_noflatfield.fits
bp0000333331-20130520-OSIRIS-OsirisLongSlitSpectroscopy_noflatfield.fits
bp0000333332-20130520-OSIRIS-OsirisLongSlitSpectroscopy_noflatfield.fits
bp0000333333-20130520-OSIRIS-OsirisLongSlitSpectroscopy_noflatfield.fits
bp0000333334-20130520-OSIRIS-OsirisLongSlitSpectroscopy_noflatfield.fits
bp0000333335-20130520-OSIRIS-OsirisLongSlitSpectroscopy_noflatfield.fits
bp0000333336-20130520-OSIRIS-OsirisLongSlitSpectroscopy_noflatfield.fits
bp0000333337-20130520-OSIRIS-OsirisLongSlitSpectroscopy_noflatfield.fits
bp0000333338-20130520-OSIRIS-OsirisLongSlitSpectroscopy_noflatfield.fits
bp0000333339-20130520-OSIRIS-OsirisLongSlitSpectroscopy_noflatfield.fits
bp0000333340-20130520-OSIRIS-OsirisLongSlitSpectroscopy_noflatfield.fits
bp0000333341-20130520-OSIRIS-OsirisLongSlitSpectroscopy_noflatfield.fits
bp0000333342-20130520-OSIRIS-OsirisLongSlitSpectroscopy_noflatfield.fits
bp0000333343-20130520-OSIRIS-OsirisLongSlitSpectroscopy_noflatfield.fits
bp0000333344-20130520-OSIRIS-OsirisLongSlitSpectroscopy_noflatfield.fits
bp0000333345-20130520-OSIRIS-OsirisLongSlitSpectroscopy_noflatfield.fits
bp0000333346-20130520-OSIRIS-OsirisLongSlitSpectroscopy_noflatfield.fits
bp0000333347-20130520-OSIRIS-OsirisLongSlitSpectroscopy_noflatfield.fits
bp0000333348-20130520-OSIRIS-OsirisLongSlitSpectroscopy_noflatfield.fits
bp0000333349-20130520-OSIRIS-OsirisLongSlitSpectroscopy_noflatfield.fits
bp0000333350-20130520-OSIRIS-OsirisLongSlitSpectroscopy_noflatfield.fits
bp0000333351-20130520-OSIRIS-OsirisLongSlitSpectroscopy_noflatfield.fits
bp0000333352-20130520-OSIRIS-OsirisLongSlitSpectroscopy_noflatfield.fits
bp0000333353-20130520-OSIRIS-OsirisLongSlitSpectroscopy_noflatfield.fits
bp0000333354-20130520-OSIRIS-OsirisLongSlitSpectroscopy_noflatfield.fits
bp0000333355-20130520-OSIRIS-OsirisLongSlitSpectroscopy_noflatfield.fits
bp0000333356-20130520-OSIRIS-OsirisLongSlitSpectroscopy_noflatfield.fits
bp0000333357-20130520-OSIRIS-OsirisLongSlitSpectroscopy_noflatfield.fits
bp0000333358-20130520-OSIRIS-OsirisLongSlitSpectroscopy_noflatfield.fits
bp0000333359-20130520-OSIRIS-OsirisLongSlitSpectroscopy_noflatfield.fits
bp0000333360-20130520-OSIRIS-OsirisLongSlitSpectroscopy_noflatfield.fits
bp0000333361-20130520-OSIRIS-OsirisLongSlitSpectroscopy_noflatfield.fits
bp0000333362-20130520-OSIRIS-OsirisLongSlitSpectroscopy_noflatfield.fits
bp0000333363-20130520-OSIRIS-OsirisLongSlitSpectroscopy_noflatfield.fits
bp0000333364-20130520-OSIRIS-OsirisLongSlitSpectroscopy_noflatfield.fits
bp0000333365-20130520-OSIRIS-OsirisLongSlitSpectroscopy_noflatfield.fits
bp0000333366-20130520-OSIRIS-OsirisLongSlitSpectroscopy_noflatfield.fits
bp0000333367-20130520-OSIRIS-OsirisLongSlitSpectroscopy_noflatfield.fits
bp0000333368-20130520-OSIRIS-OsirisLongSlitSpectroscopy_noflatfield.fits
bp0000333369-20130520-OSIRIS-OsirisLongSlitSpectroscopy_noflatfield.fits
bp0000333370-20130520-OSIRIS-OsirisLongSlitSpectroscopy_noflatfield.fits
bp0000333371-20130520-OSIRIS-OsirisLongSlitSpectroscopy_noflatfield.fits
bp0000333372-20130520-OSIRIS-OsirisLongSlitSpectroscopy_noflatfield.fits
bp0000333373-20130520-OSIRIS-OsirisLongSlitSpectroscopy_noflatfield.fits
bp0000333374-20130520-OSIRIS-OsirisLongSlitSpectroscopy_noflatfield.fits
bp0000333375-20130520-OSIRIS-OsirisLongSlitSpectroscopy_noflatfield.fits
bp0000333376-20130520-OSIRIS-OsirisLongSlitSpectroscopy_noflatfield.fits
bp0000333377-20130520-OSIRIS-OsirisLongSlitSpectroscopy_noflatfield.fits
bp0000333378-20130520-OSIRIS-OsirisLongSlitSpectroscopy_noflatfield.fits
bp0000333379-20130520-OSIRIS-OsirisLongSlitSpectroscopy_noflatfield.fits
bp0000333380-20130520-OSIRIS-OsirisLongSlitSpectroscopy_noflatfield.fits
bp0000333381-20130520-OSIRIS-OsirisLongSlitSpectroscopy_noflatfield.fits
bp0000333382-20130520-OSIRIS-OsirisLongSlitSpectroscopy_noflatfield.fits
bp0000333383-20130520-OSIRIS-OsirisLongSlitSpectroscopy_noflatfield.fits
bp0000333384-20130520-OSIRIS-OsirisLongSlitSpectroscopy_noflatfield.fits
bp0000333385-20130520-OSIRIS-OsirisLongSlitSpectroscopy_noflatfield.fits
bp0000333386-20130520-OSIRIS-OsirisLongSlitSpectroscopy_noflatfield.fits
bp0000333387-20130520-OSIRIS-OsirisLongSlitSpectroscopy_noflatfield.fits
bp0000333388-20130520-OSIRIS-OsirisLongSlitSpectroscopy_noflatfield.fits
bp0000333389-20130520-OSIRIS-OsirisLongSlitSpectroscopy_noflatfield.fits
bp0000333390-20130520-OSIRIS-OsirisLongSlitSpectroscopy_noflatfield.fits
bp0000333391-20130520-OSIRIS-OsirisLongSlitSpectroscopy_noflatfield.fits
bp0000333392-20130520-OSIRIS-OsirisLongSlitSpectroscopy_noflatfield.fits
bp0000333393-20130520-OSIRIS-OsirisLongSlitSpectroscopy_noflatfield.fits
bp0000333394-20130520-OSIRIS-OsirisLongSlitSpectroscopy_noflatfield.fits
bp0000333395-20130520-OSIRIS-OsirisLongSlitSpectroscopy_noflatfield.fits
bp0000333396-20130520-OSIRIS-OsirisLongSlitSpectroscopy_noflatfield.fits
bp0000333397-20130520-OSIRIS-OsirisLongSlitSpectroscopy_noflatfield.fits
bp0000333398-20130520-OSIRIS-OsirisLongSlitSpectroscopy_noflatfield.fits
bp0000333399-20130520-OSIRIS-OsirisLongSlitSpectroscopy_noflatfield.fits
bp0000333400-20130520-OSIRIS-OsirisLongSlitSpectroscopy_noflatfield.fits
bp0000333401-20130520-OSIRIS-OsirisLongSlitSpectroscopy_noflatfield.fits
bp0000333402-20130520-OSIRIS-OsirisLongSlitSpectroscopy_noflatfield.fits
bp0000333403-20130520-OSIRIS-OsirisLongSlitSpectroscopy_noflatfield.fits
bp0000333404-20130520-OSIRIS-OsirisLongSlitSpectroscopy_noflatfield.fits
bp0000333405-20130520-OSIRIS-OsirisLongSlitSpectroscopy_noflatfield.fits
bp0000333406-20130520-OSIRIS-OsirisLongSlitSpectroscopy_noflatfield.fits
bp0000333407-20130520-OSIRIS-OsirisLongSlitSpectroscopy_noflatfield.fits
bp0000333408-20130520-OSIRIS-OsirisLongSlitSpectroscopy_noflatfield.fits
bp0000333409-20130520-OSIRIS-OsirisLongSlitSpectroscopy_noflatfield.fits
bp0000333410-20130520-OSIRIS-OsirisLongSlitSpectroscopy_noflatfield.fits
bp0000333411-20130520-OSIRIS-OsirisLongSlitSpectroscopy_noflatfield.fits
bp0000333412-20130520-OSIRIS-OsirisLongSlitSpectroscopy_noflatfield.fits
bp0000333413-20130520-OSIRIS-OsirisLongSlitSpectroscopy_noflatfield.fits
bp0000333414-20130520-OSIRIS-OsirisLongSlitSpectroscopy_noflatfield.fits
bp0000333415-20130520-OSIRIS-OsirisLongSlitSpectroscopy_noflatfield.fits
bp0000333416-20130520-OSIRIS-OsirisLongSlitSpectroscopy_noflatfield.fits
bp0000333417-20130520-OSIRIS-OsirisLongSlitSpectroscopy_noflatfield.fits
bp0000333418-20130520-OSIRIS-OsirisLongSlitSpectroscopy_noflatfield.fits
bp0000333419-20130520-OSIRIS-OsirisLongSlitSpectroscopy_noflatfield.fits
bp0000333420-20130520-OSIRIS-OsirisLongSlitSpectroscopy_noflatfield.fits
bp0000333421-20130520-OSIRIS-OsirisLongSlitSpectroscopy_noflatfield.fits
bp0000333422-20130520-OSIRIS-OsirisLongSlitSpectroscopy_noflatfield.fits
bp0000333423-20130520-OSIRIS-OsirisLongSlitSpectroscopy_noflatfield.fits
bp0000333424-20130520-OSIRIS-OsirisLongSlitSpectroscopy_noflatfield.fits
bp0000333425-20130520-OSIRIS-OsirisLongSlitSpectroscopy_noflatfield.fits
bp0000333426-20130520-OSIRIS-OsirisLongSlitSpectroscopy_noflatfield.fits
bp0000333427-20130520-OSIRIS-OsirisLongSlitSpectroscopy_noflatfield.fits
bp0000333428-20130520-OSIRIS-OsirisLongSlitSpectroscopy_noflatfield.fits
bp0000333429-20130520-OSIRIS-OsirisLongSlitSpectroscopy_noflatfield.fits
bp0000333430-20130520-OSIRIS-OsirisLongSlitSpectroscopy_noflatfield.fits
bp0000333431-20130520-OSIRIS-OsirisLongSlitSpectroscopy_noflatfield.fits
bp0000333432-20130520-OSIRIS-OsirisLongSlitSpectroscopy_noflatfield.fits
bp0000333433-20130520-OSIRIS-OsirisLongSlitSpectroscopy_noflatfield.fits
bp0000333434-20130520-OSIRIS-OsirisLongSlitSpectroscopy_noflatfield.fits
bp0000333435-20130520-OSIRIS-OsirisLongSlitSpectroscopy_noflatfield.fits
bp0000333436-20130520-OSIRIS-OsirisLongSlitSpectroscopy_noflatfield.fits
bp0000333437-20130520-OSIRIS-OsirisLongSlitSpectroscopy_noflatfield.fits
bp0000333438-20130520-OSIRIS-OsirisLongSlitSpectroscopy_noflatfield.fits
bp0000333439-20130520-OSIRIS-OsirisLongSlitSpectroscopy_noflatfield.fits
bp0000333440-20130520-OSIRIS-OsirisLongSlitSpectroscopy_noflatfield.fits
bp0000333441-20130520-OSIRIS-OsirisLongSlitSpectroscopy_noflatfield.fits
bp0000333442-20130520-OSIRIS-OsirisLongSlitSpectroscopy_noflatfield.fits
bp0000333443-20130520-OSIRIS-OsirisLongSlitSpectroscopy_noflatfield.fits
bp0000333444-20130520-OSIRIS-OsirisLongSlitSpectroscopy_noflatfield.fits
bp0000333445-20130520-OSIRIS-OsirisLongSlitSpectroscopy_noflatfield.fits
bp0000333446-20130520-OSIRIS-OsirisLongSlitSpectroscopy_noflatfield.fits
bp0000333447-20130520-OSIRIS-OsirisLongSlitSpectroscopy_noflatfield.fits
bp0000333448-20130520-OSIRIS-OsirisLongSlitSpectroscopy_noflatfield.fits
bp0000333449-20130520-OSIRIS-OsirisLongSlitSpectroscopy_noflatfield.fits
bp0000333450-20130520-OSIRIS-OsirisLongSlitSpectroscopy_noflatfield.fits
bp0000333451-20130520-OSIRIS-OsirisLongSlitSpectroscopy_noflatfield.fits
bp0000333452-20130520-OSIRIS-OsirisLongSlitSpectroscopy_noflatfield.fits
bp0000333453-20130520-OSIRIS-OsirisLongSlitSpectroscopy_noflatfield.fits
bp0000333454-20130520-OSIRIS-OsirisLongSlitSpectroscopy_noflatfield.fits
bp0000333455-20130520-OSIRIS-OsirisLongSlitSpectroscopy_noflatfield.fits
bp0000333456-20130520-OSIRIS-OsirisLongSlitSpectroscopy_noflatfield.fits
bp0000333457-20130520-OSIRIS-OsirisLongSlitSpectroscopy_noflatfield.fits
bp0000333458-20130520-OSIRIS-OsirisLongSlitSpectroscopy_noflatfield.fits
bp0000333459-20130520-OSIRIS-OsirisLongSlitSpectroscopy_noflatfield.fits
bp0000333460-20130520-OSIRIS-OsirisLongSlitSpectroscopy_noflatfield.fits
bp0000333461-20130520-OSIRIS-OsirisLongSlitSpectroscopy_noflatfield.fits
bp0000333462-20130520-OSIRIS-OsirisLongSlitSpectroscopy_noflatfield.fits
bp0000333463-20130520-OSIRIS-OsirisLongSlitSpectroscopy_noflatfield.fits
bp0000333464-20130520-OSIRIS-OsirisLongSlitSpectroscopy_noflatfield.fits
bp0000333465-20130520-OSIRIS-OsirisLongSlitSpectroscopy_noflatfield.fits
bp0000333466-20130520-OSIRIS-OsirisLongSlitSpectroscopy_noflatfield.fits
bp0000333467-20130520-OSIRIS-OsirisLongSlitSpectroscopy_noflatfield.fits
bp0000333468-20130520-OSIRIS-OsirisLongSlitSpectroscopy_noflatfield.fits
bp0000333469-20130520-OSIRIS-OsirisLongSlitSpectroscopy_noflatfield.fits
bp0000333470-20130520-OSIRIS-OsirisLongSlitSpectroscopy_noflatfield.fits
bp0000333471-20130520-OSIRIS-OsirisLongSlitSpectroscopy_noflatfield.fits
bp0000333472-20130520-OSIRIS-OsirisLongSlitSpectroscopy_noflatfield.fits
bp0000333473-20130520-OSIRIS-OsirisLongSlitSpectroscopy_noflatfield.fits
bp0000333474-20130520-OSIRIS-OsirisLongSlitSpectroscopy_noflatfield.fits
bp0000333475-20130520-OSIRIS-OsirisLongSlitSpectroscopy_noflatfield.fits
bp0000333476-20130520-OSIRIS-OsirisLongSlitSpectroscopy_noflatfield.fits
bp0000333477-20130520-OSIRIS-OsirisLongSlitSpectroscopy_noflatfield.fits
bp0000333478-20130520-OSIRIS-OsirisLongSlitSpectroscopy_noflatfield.fits
bp0000333479-20130520-OSIRIS-OsirisLongSlitSpectroscopy_noflatfield.fits
bp0000333480-20130520-OSIRIS-OsirisLongSlitSpectroscopy_noflatfield.fits
bp0000333481-20130520-OSIRIS-OsirisLongSlitSpectroscopy_noflatfield.fits
bp0000333482-20130520-OSIRIS-OsirisLongSlitSpectroscopy_noflatfield.fits
bp0000333483-20130520-OSIRIS-OsirisLongSlitSpectroscopy_noflatfield.fits
bp0000333484-20130520-OSIRIS-OsirisLongSlitSpectroscopy_noflatfield.fits
bp0000333485-20130520-OSIRIS-OsirisLongSlitSpectroscopy_noflatfield.fits
bp0000333486-20130520-OSIRIS-OsirisLongSlitSpectroscopy_noflatfield.fits
bp0000333487-20130520-OSIRIS-OsirisLongSlitSpectroscopy_noflatfield.fits
bp0000333488-20130520-OSIRIS-OsirisLongSlitSpectroscopy_noflatfield.fits
bp0000333489-20130520-OSIRIS-OsirisLongSlitSpectroscopy_noflatfield.fits
bp0000333490-20130520-OSIRIS-OsirisLongSlitSpectroscopy_noflatfield.fits
bp0000333491-20130520-OSIRIS-OsirisLongSlitSpectroscopy_noflatfield.fits
bp0000333492-20130520-OSIRIS-OsirisLongSlitSpectroscopy_noflatfield.fits
bp0000333493-20130520-OSIRIS-OsirisLongSlitSpectroscopy_noflatfield.fits
bp0000333494-20130520-OSIRIS-OsirisLongSlitSpectroscopy_noflatfield.fits
bp0000333495-20130520-OSIRIS-OsirisLongSlitSpectroscopy_noflatfield.fits
bp0000333496-20130520-OSIRIS-OsirisLongSlitSpectroscopy_noflatfield.fits
bp0000333497-20130520-OSIRIS-OsirisLongSlitSpectroscopy_noflatfield.fits
bp0000333498-20130520-OSIRIS-OsirisLongSlitSpectroscopy_noflatfield.fits
bp0000333499-20130520-OSIRIS-OsirisLongSlitSpectroscopy_noflatfield.fits
bp0000333500-20130520-OSIRIS-OsirisLongSlitSpectroscopy_noflatfield.fits
bp0000333501-20130520-OSIRIS-OsirisLongSlitSpectroscopy_noflatfield.fits
bp0000333502-20130520-OSIRIS-OsirisLongSlitSpectroscopy_noflatfield.fits
bp0000333503-20130520-OSIRIS-OsirisLongSlitSpectroscopy_noflatfield.fits
bp0000333504-20130520-OSIRIS-OsirisLongSlitSpectroscopy_noflatfield.fits
bp0000333505-20130520-OSIRIS-OsirisLongSlitSpectroscopy_noflatfield.fits
bp0000333506-20130520-OSIRIS-OsirisLongSlitSpectroscopy_noflatfield.fits
bp0000333507-20130520-OSIRIS-OsirisLongSlitSpectroscopy_noflatfield.fits
bp0000333508-20130520-OSIRIS-OsirisLongSlitSpectroscopy_noflatfield.fits
bp0000333509-20130520-OSIRIS-OsirisLongSlitSpectroscopy_noflatfield.fits
bp0000333510-20130520-OSIRIS-OsirisLongSlitSpectroscopy_noflatfield.fits
bp0000333511-20130520-OSIRIS-OsirisLongSlitSpectroscopy_noflatfield.fits
bp0000333512-20130520-OSIRIS-OsirisLongSlitSpectroscopy_noflatfield.fits
bp0000333513-20130520-OSIRIS-OsirisLongSlitSpectroscopy_noflatfield.fits
bp0000333514-20130520-OSIRIS-OsirisLongSlitSpectroscopy_noflatfield.fits
bp0000333515-20130520-OSIRIS-OsirisLongSlitSpectroscopy_noflatfield.fits
bp0000333516-20130520-OSIRIS-OsirisLongSlitSpectroscopy_noflatfield.fits
bp0000333517-20130520-OSIRIS-OsirisLongSlitSpectroscopy_noflatfield.fits
bp0000333518-20130520-OSIRIS-OsirisLongSlitSpectroscopy_noflatfield.fits
bp0000333519-20130520-OSIRIS-OsirisLongSlitSpectroscopy_noflatfield.fits
bp0000333520-20130520-OSIRIS-OsirisLongSlitSpectroscopy_noflatfield.fits
bp0000333521-20130520-OSIRIS-OsirisLongSlitSpectroscopy_noflatfield.fits
bp0000333522-20130520-OSIRIS-OsirisLongSlitSpectroscopy_noflatfield.fits
bp0000333523-20130520-OSIRIS-OsirisLongSlitSpectroscopy_noflatfield.fits
bp0000333524-20130520-OSIRIS-OsirisLongSlitSpectroscopy_noflatfield.fits
bp0000333525-20130520-OSIRIS-OsirisLongSlitSpectroscopy_noflatfield.fits
bp0000333526-20130520-OSIRIS-OsirisLongSlitSpectroscopy_noflatfield.fits
bp0000333527-20130520-OSIRIS-OsirisLongSlitSpectroscopy_noflatfield.fits
bp0000333528-20130520-OSIRIS-OsirisLongSlitSpectroscopy_noflatfield.fits
bp0000333529-20130520-OSIRIS-OsirisLongSlitSpectroscopy_noflatfield.fits
bp0000333530-20130520-OSIRIS-OsirisLongSlitSpectroscopy_noflatfield.fits
bp0000333531-20130520-OSIRIS-OsirisLongSlitSpectroscopy_noflatfield.fits
bp0000333532-20130520-OSIRIS-OsirisLongSlitSpectroscopy_noflatfield.fits
bp0000333533-20130520-OSIRIS-OsirisLongSlitSpectroscopy_noflatfield.fits
bp0000333534-20130520-OSIRIS-OsirisLongSlitSpectroscopy_noflatfield.fits
bp0000333535-20130520-OSIRIS-OsirisLongSlitSpectroscopy_noflatfield.fits
bp0000333536-20130520-OSIRIS-OsirisLongSlitSpectroscopy_noflatfield.fits
bp0000333537-20130520-OSIRIS-OsirisLongSlitSpectroscopy_noflatfield.fits
bp0000333538-20130520-OSIRIS-OsirisLongSlitSpectroscopy_noflatfield.fits
bp0000333539-20130520-OSIRIS-OsirisLongSlitSpectroscopy_noflatfield.fits
bp0000333540-20130520-OSIRIS-OsirisLongSlitSpectroscopy_noflatfield.fits
bp0000333541-20130520-OSIRIS-OsirisLongSlitSpectroscopy_noflatfield.fits
bp0000333542-20130520-OSIRIS-OsirisLongSlitSpectroscopy_noflatfield.fits
bp0000333543-20130520-OSIRIS-OsirisLongSlitSpectroscopy_noflatfield.fits
bp0000333544-20130520-OSIRIS-OsirisLongSlitSpectroscopy_noflatfield.fits
bp0000333545-20130520-OSIRIS-OsirisLongSlitSpectroscopy_noflatfield.fits
bp0000333546-20130520-OSIRIS-OsirisLongSlitSpectroscopy_noflatfield.fits
bp0000333547-20130520-OSIRIS-OsirisLongSlitSpectroscopy_noflatfield.fits
bp0000333548-20130520-OSIRIS-OsirisLongSlitSpectroscopy_noflatfield.fits
bp0000333549-20130520-OSIRIS-OsirisLongSlitSpectroscopy_noflatfield.fits
bp0000333550-20130520-OSIRIS-OsirisLongSlitSpectroscopy_noflatfield.fits
bp0000333551-20130520-OSIRIS-OsirisLongSlitSpectroscopy_noflatfield.fits
bp0000333552-20130520-OSIRIS-OsirisLongSlitSpectroscopy_noflatfield.fits
bp0000333553-20130520-OSIRIS-OsirisLongSlitSpectroscopy_noflatfield.fits
bp0000333554-20130520-OSIRIS-OsirisLongSlitSpectroscopy_noflatfield.fits
bp0000333555-20130520-OSIRIS-OsirisLongSlitSpectroscopy_noflatfield.fits
bp0000333556-20130520-OSIRIS-OsirisLongSlitSpectroscopy_noflatfield.fits
bp0000333557-20130520-OSIRIS-OsirisLongSlitSpectroscopy_noflatfield.fits
bp0000333558-20130520-OSIRIS-OsirisLongSlitSpectroscopy_noflatfield.fits
bp0000333559-20130520-OSIRIS-OsirisLongSlitSpectroscopy_noflatfield.fits
bp0000333560-20130520-OSIRIS-OsirisLongSlitSpectroscopy_noflatfield.fits
bp0000333561-20130520-OSIRIS-OsirisLongSlitSpectroscopy_noflatfield.fits
bp0000333562-20130520-OSIRIS-OsirisLongSlitSpectroscopy_noflatfield.fits
bp0000333563-20130520-OSIRIS-OsirisLongSlitSpectroscopy_noflatfield.fits
bp0000333564-20130520-OSIRIS-OsirisLongSlitSpectroscopy_noflatfield.fits
bp0000333565-20130520-OSIRIS-OsirisLongSlitSpectroscopy_noflatfield.fits
bp0000333566-20130520-OSIRIS-OsirisLongSlitSpectroscopy_noflatfield.fits
bp0000333567-20130520-OSIRIS-OsirisLongSlitSpectroscopy_noflatfield.fits
bp0000333568-20130520-OSIRIS-OsirisLongSlitSpectroscopy_noflatfield.fits
bp0000333569-20130520-OSIRIS-OsirisLongSlitSpectroscopy_noflatfield.fits
bp0000333570-20130520-OSIRIS-OsirisLongSlitSpectroscopy_noflatfield.fits
bp0000333571-20130520-OSIRIS-OsirisLongSlitSpectroscopy_noflatfield.fits
bp0000333572-20130520-OSIRIS-OsirisLongSlitSpectroscopy_noflatfield.fits
bp0000333573-20130520-OSIRIS-OsirisLongSlitSpectroscopy_noflatfield.fits
bp0000333574-20130520-OSIRIS-OsirisLongSlitSpectroscopy_noflatfield.fits
bp0000333575-20130520-OSIRIS-OsirisLongSlitSpectroscopy_noflatfield.fits
bp0000333576-20130520-OSIRIS-OsirisLongSlitSpectroscopy_noflatfield.fits
bp0000333577-20130520-OSIRIS-OsirisLongSlitSpectroscopy_noflatfield.fits
bp0000333578-20130520-OSIRIS-OsirisLongSlitSpectroscopy_noflatfield.fits
bp0000333579-20130520-OSIRIS-OsirisLongSlitSpectroscopy_noflatfield.fits
bp0000333580-20130520-OSIRIS-OsirisLongSlitSpectroscopy_noflatfield.fits
bp0000333581-20130520-OSIRIS-OsirisLongSlitSpectroscopy_noflatfield.fits
bp0000333582-20130520-OSIRIS-OsirisLongSlitSpectroscopy_noflatfield.fits
bp0000333583-20130520-OSIRIS-OsirisLongSlitSpectroscopy_noflatfield.fits
bp0000333584-20130520-OSIRIS-OsirisLongSlitSpectroscopy_noflatfield.fits
bp0000333585-20130520-OSIRIS-OsirisLongSlitSpectroscopy_noflatfield.fits
bp0000333586-20130520-OSIRIS-OsirisLongSlitSpectroscopy_noflatfield.fits
bp0000333587-20130520-OSIRIS-OsirisLongSlitSpectroscopy_noflatfield.fits
bp0000333588-20130520-OSIRIS-OsirisLongSlitSpectroscopy_noflatfield.fits
bp0000333589-20130520-OSIRIS-OsirisLongSlitSpectroscopy_noflatfield.fits
bp0000333590-20130520-OSIRIS-OsirisLongSlitSpectroscopy_noflatfield.fits
bp0000333591-20130520-OSIRIS-OsirisLongSlitSpectroscopy_noflatfield.fits
bp0000333592-20130520-OSIRIS-OsirisLongSlitSpectroscopy_noflatfield.fits
bp0000333593-20130520-OSIRIS-OsirisLongSlitSpectroscopy_noflatfield.fits
bp0000333594-20130520-OSIRIS-OsirisLongSlitSpectroscopy_noflatfield.fits
bp0000333595-20130520-OSIRIS-OsirisLongSlitSpectroscopy_noflatfield.fits
bp0000333596-20130520-OSIRIS-OsirisLongSlitSpectroscopy_noflatfield.fits
bp0000333597-20130520-OSIRIS-OsirisLongSlitSpectroscopy_noflatfield.fits
bp0000333598-20130520-OSIRIS-OsirisLongSlitSpectroscopy_noflatfield.fits
bp0000333599-20130520-OSIRIS-OsirisLongSlitSpectroscopy_noflatfield.fits
bp0000333600-20130520-OSIRIS-OsirisLongSlitSpectroscopy_noflatfield.fits
bp0000333601-20130520-OSIRIS-OsirisLongSlitSpectroscopy_noflatfield.fits
bp0000333602-20130520-OSIRIS-OsirisLongSlitSpectroscopy_noflatfield.fits
bp0000333603-20130520-OSIRIS-OsirisLongSlitSpectroscopy_noflatfield.fits
bp0000333604-20130520-OSIRIS-OsirisLongSlitSpectroscopy_noflatfield.fits
bp0000333605-20130520-OSIRIS-OsirisLongSlitSpectroscopy_noflatfield.fits
bp0000333606-20130520-OSIRIS-OsirisLongSlitSpectroscopy_noflatfield.fits
bp0000333607-20130520-OSIRIS-OsirisLongSlitSpectroscopy_noflatfield.fits
bp0000333608-20130520-OSIRIS-OsirisLongSlitSpectroscopy_noflatfield.fits
bp0000333609-20130520-OSIRIS-OsirisLongSlitSpectroscopy_noflatfield.fits
bp0000333610-20130520-OSIRIS-OsirisLongSlitSpectroscopy_noflatfield.fits
bp0000333611-20130520-OSIRIS-OsirisLongSlitSpectroscopy_noflatfield.fits
bp0000333612-20130520-OSIRIS-OsirisLongSlitSpectroscopy_noflatfield.fits
bp0000333613-20130520-OSIRIS-OsirisLongSlitSpectroscopy_noflatfield.fits
bp0000333614-20130520-OSIRIS-OsirisLongSlitSpectroscopy_noflatfield.fits
